******************************************************************************
                  TI ARM Linker PC v18.1.5                     
******************************************************************************
>> Linked Fri Nov 15 16:29:13 2019

OUTPUT FILE NAME:   <DataLogging.out>
ENTRY POINT SYMBOL: "_c_int00_noargs"  address: 00002755


MEMORY CONFIGURATION

         name            origin    length      used     unused   attr    fill
----------------------  --------  ---------  --------  --------  ----  --------
  MAIN                  00000000   00040000  00002c68  0003d398  R  X
  INFO                  00200000   00004000  00000000  00004000  R  X
  SRAM_CODE             01000000   00010000  00000227  0000fdd9  RW X
  SRAM_DATA             20000000   00010000  00000227  0000fdd9  RW  


SEGMENT ALLOCATION MAP

run origin  load origin   length   init length attrs members
----------  ----------- ---------- ----------- ----- -------
00000000    00000000    00002c68   00002c68    r-x
  00000000    00000000    000000e4   000000e4    r-- .intvecs
  000000e4    000000e4    000029f4   000029f4    r-x .text
  00002ad8    00002ad8    00000160   00000160    r-- .const
  00002c38    00002c38    00000030   00000030    r-- .cinit
20000000    20000000    00000029   00000000    rw-
  20000000    20000000    0000001a   00000000    rw- .bss
  2000001c    2000001c    0000000d   00000000    rw- .data
2000fe00    2000fe00    00000200   00000000    rw-
  2000fe00    2000fe00    00000200   00000000    rw- .stack


SECTION ALLOCATION MAP

 output                                  attributes/
section   page    origin      length       input sections
--------  ----  ----------  ----------   ----------------
.intvecs   0    00000000    000000e4     
                  00000000    000000e4     startup_msp432p401r_ccs.obj (.intvecs:retain)

.text      0    000000e4    000029f4     
                  000000e4    00000a5e     rtsv7M4_T_le_v4SPD16_eabi.lib : _printfi.c.obj (.text:__TI_printfi)
                  00000b42    00000002     startup_msp432p401r_ccs.obj (.text:Default_Handler)
                  00000b44    00000270     rtsv7M4_T_le_v4SPD16_eabi.lib : _printfi.c.obj (.text:_pconv_a)
                  00000db4    000001d0                                   : _printfi.c.obj (.text:_pconv_g)
                  00000f84    000001b6                                   : fd_add_t2.asm.obj (.text)
                  0000113a    00000002                                   : div0.asm.obj (.text)
                  0000113c    0000013c                                   : _printfi.c.obj (.text:_pconv_e)
                  00001278    00000136                                   : fd_div_t2.asm.obj (.text)
                  000013ae    00000002     --HOLE-- [fill = 0]
                  000013b0    00000124                                   : _printfi.c.obj (.text:fcvt)
                  000014d4    00000110                                   : s_scalbn.c.obj (.text:scalbn)
                  000015e4    000000fc     msp432p4xx_driverlib.lib : uart.o (.text:UART_initModule)
                  000016e0    000000fc     rtsv7M4_T_le_v4SPD16_eabi.lib : fd_mul_t2.asm.obj (.text)
                  000017dc    000000ec     i2c_driver.obj (.text:EUSCIB1_IRQHandler)
                  000018c8    000000b1     rtsv7M4_T_le_v4SPD16_eabi.lib : _printfi.c.obj (.text:_ltostr)
                  00001979    00000003     --HOLE-- [fill = 0]
                  0000197c    000000a0     main.obj (.text:initBoard)
                  00001a1c    0000009c     rtsv7M4_T_le_v4SPD16_eabi.lib : memcpy_t2.asm.obj (.text)
                  00001ab8    00000096                                   : ull_div_t2.asm.obj (.text)
                  00001b4e    00000002     --HOLE-- [fill = 0]
                  00001b50    00000088     msp432p4xx_driverlib.lib : gpio.o (.text:GPIO_setAsPeripheralModuleFunctionInputPin)
                  00001bd8    00000088                              : gpio.o (.text:GPIO_setAsPeripheralModuleFunctionOutputPin)
                  00001c60    00000086     rtsv7M4_T_le_v4SPD16_eabi.lib : fd_cmp_t2.asm.obj (.text:__aeabi_cdcmple)
                  00001ce6    00000086                                   : fd_cmp_t2.asm.obj (.text:__aeabi_cdrcmple)
                  00001d6c    00000084     msp432p4xx_driverlib.lib : gpio.o (.text:GPIO_getEnabledInterruptStatus)
                  00001df0    00000080                              : interrupt.o (.text:Interrupt_enableInterrupt)
                  00001e70    0000007a     rtsv7M4_T_le_v4SPD16_eabi.lib : memset_t2.asm.obj (.text)
                  00001eea    00000002     --HOLE-- [fill = 0]
                  00001eec    00000078     rpm.obj (.text:PORT2_IRQHandler)
                  00001f64    00000078     system_msp432p401r.obj (.text:SystemInit)
                  00001fdc    0000006e     rtsv7M4_T_le_v4SPD16_eabi.lib : _printfi.c.obj (.text:_mcpy)
                  0000204a    00000002     --HOLE-- [fill = 0]
                  0000204c    00000068     msp432p4xx_driverlib.lib : timer32.o (.text:Timer32_initModule)
                  000020b4    00000068     rtsv7M4_T_le_v4SPD16_eabi.lib : copy_decompress_lzss.c.obj (.text:decompress:lzss:__TI_decompress_lzss)
                  0000211c    00000064                                   : s_frexp.c.obj (.text:frexp)
                  00002180    00000062     main.obj (.text:main)
                  000021e2    00000002     --HOLE-- [fill = 0]
                  000021e4    00000058     msp432p4xx_driverlib.lib : gpio.o (.text:GPIO_setAsInputPinWithPullDownResistor)
                  0000223c    00000058     uart_driver.obj (.text:receive)
                  00002294    00000056     rtsv7M4_T_le_v4SPD16_eabi.lib : _printfi.c.obj (.text:_pconv_f)
                  000022ea    00000054                                   : ltoa.c.obj (.text:ltoa)
                  0000233e    00000002     --HOLE-- [fill = 0]
                  00002340    00000054     uart_driver.obj (.text:send)
                  00002394    00000052     rtsv7M4_T_le_v4SPD16_eabi.lib : _printfi.c.obj (.text:_ecpy)
                  000023e6    00000002     --HOLE-- [fill = 0]
                  000023e8    00000050     uart_driver.obj (.text:initUART)
                  00002438    0000004c     msp432p4xx_driverlib.lib : gpio.o (.text:GPIO_setAsInputPin)
                  00002484    0000004c     timer_driver.obj (.text:Init_Timers)
                  000024d0    0000004c     rtsv7M4_T_le_v4SPD16_eabi.lib : atoi.c.obj (.text:atoi)
                  0000251c    00000048     rpm.obj (.text:initRPM)
                  00002564    00000048     rtsv7M4_T_le_v4SPD16_eabi.lib : fd_toi_t2.asm.obj (.text)
                  000025ac    00000044                                   : autoinit.c.obj (.text:__TI_auto_init_nobinit_nopinit:__TI_auto_init_nobinit_nopinit)
                  000025f0    00000040                                   : sprintf.c.obj (.text:sprintf)
                  00002630    0000003e                                   : _printfi.c.obj (.text:_fcpy)
                  0000266e    00000002     --HOLE-- [fill = 0]
                  00002670    0000003c     msp432p4xx_driverlib.lib : gpio.o (.text:GPIO_interruptEdgeSelect)
                  000026ac    00000038     timer_driver.obj (.text:Timer0_Expired)
                  000026e4    00000038     timer_driver.obj (.text:Timer1_Expired)
                  0000271c    00000038     msp432p4xx_driverlib.lib : timer32.o (.text:Timer32_startTimer)
                  00002754    00000038     rtsv7M4_T_le_v4SPD16_eabi.lib : boot_cortex_m.c.obj (.text:_c_int00_noargs:_c_int00_noargs)
                  0000278c    00000034     msp432p4xx_driverlib.lib : timer32.o (.text:Timer32_setCount)
                  000027c0    00000034                              : uart.o (.text:UART_transmitData)
                  000027f4    00000030                              : uart.o (.text:UART_receiveData)
                  00002824    0000002e     rtsv7M4_T_le_v4SPD16_eabi.lib : i_tofd_t2.asm.obj (.text)
                  00002852    00000002     --HOLE-- [fill = 0]
                  00002854    0000002c     uart_driver.obj (.text:UART_init)
                  00002880    00000028     msp432p4xx_driverlib.lib : gpio.o (.text:GPIO_clearInterruptFlag)
                  000028a8    00000028                              : gpio.o (.text:GPIO_enableInterrupt)
                  000028d0    00000024                              : gpio.o (.text:GPIO_getInterruptStatus)
                  000028f4    0000001c     uart_driver.obj (.text:UARTPutChar)
                  00002910    0000001c     rtsv7M4_T_le_v4SPD16_eabi.lib : memccpy.c.obj (.text:memccpy)
                  0000292c    00000018     uart_driver.obj (.text:UARTGetChar)
                  00002944    00000018     msp432p4xx_driverlib.lib : uart.o (.text:UART_getInterruptStatus)
                  0000295c    00000018     rtsv7M4_T_le_v4SPD16_eabi.lib : sprintf.c.obj (.text:_outs)
                  00002974    00000018     rpm.obj (.text:getRPM)
                  0000298c    00000018     main.obj (.text:initialize)
                  000029a4    00000016     uart_driver.obj (.text:UARTCanSend)
                  000029ba    00000016     uart_driver.obj (.text:UARTHasChar)
                  000029d0    00000016     msp432p4xx_driverlib.lib : uart.o (.text:UART_enableModule)
                  000029e6    00000016     rtsv7M4_T_le_v4SPD16_eabi.lib : strchr.c.obj (.text:strchr)
                  000029fc    00000014                                   : s_copysign.c.obj (.text:copysign)
                  00002a10    00000014     pressure.obj (.text:initPressure)
                  00002a24    00000014     rtsv7M4_T_le_v4SPD16_eabi.lib : strlen.c.obj (.text:strlen)
                  00002a38    00000012                                   : copy_zero_init.c.obj (.text:decompress:ZI:__TI_zero_init_nomemset:__TI_zero_init_nomemset)
                  00002a4a    00000012                                   : wcslen.c.obj (.text:wcslen)
                  00002a5c    00000010     msp432p4xx_driverlib.lib : interrupt.o (.text:Interrupt_disableMaster)
                  00002a6c    00000010                              : interrupt.o (.text:Interrupt_enableMaster)
                  00002a7c    0000000e                              : timer32.o (.text:Timer32_getValue)
                  00002a8a    0000000e     rtsv7M4_T_le_v4SPD16_eabi.lib : copy_decompress_none.c.obj (.text:decompress:none:__TI_decompress_none)
                  00002a98    0000000c     msp432p4xx_driverlib.lib : cpu.o (.text:CPU_cpsid)
                  00002aa4    0000000c                              : cpu.o (.text:CPU_cpsie)
                  00002ab0    0000000c     startup_msp432p401r_ccs.obj (.text:Reset_Handler)
                  00002abc    0000000a     rtsv7M4_T_le_v4SPD16_eabi.lib : sprintf.c.obj (.text:_outc)
                  00002ac6    00000002     --HOLE-- [fill = 0]
                  00002ac8    00000008                                   : errno.c.obj (.text:__aeabi_errno_addr)
                  00002ad0    00000004                                   : pre_init.c.obj (.text:_system_pre_init)
                  00002ad4    00000004                                   : exit.c.obj (.text:abort:abort)

.const     0    00002ad8    00000160     
                  00002ad8    00000101     rtsv7M4_T_le_v4SPD16_eabi.lib : ctype.c.obj (.const:.string:_ctypes_)
                  00002bd9    00000003     --HOLE-- [fill = 0]
                  00002bdc    00000030     msp432p4xx_driverlib.lib : gpio.o (.const:GPIO_PORT_TO_BASE)
                  00002c0c    00000024     uart_driver.obj (.const:$P$T0$1)
                  00002c30    00000008     msp432p4xx_driverlib.lib : interrupt.o (.const:g_pulEnRegs)

.cinit     0    00002c38    00000030     
                  00002c38    0000000c     (__TI_handler_table)
                  00002c44    00000004     --HOLE-- [fill = 0]
                  00002c48    00000008     (.cinit..bss.load) [load image, compression = zero_init]
                  00002c50    00000007     (.cinit..data.load) [load image, compression = lzss]
                  00002c57    00000001     --HOLE-- [fill = 0]
                  00002c58    00000010     (__TI_cinit_table)

.init_array 
*          0    00000000    00000000     UNINITIALIZED

.binit     0    00000000    00000000     

.bss       0    20000000    0000001a     UNINITIALIZED
                  20000000    00000010     rpm.obj (.bss)
                  20000010    00000004     (.common:g_ui32ByteCount)
                  20000014    00000004     (.common:pData)
                  20000018    00000001     (.common:ui8DummyRead)
                  20000019    00000001     (.common:ui8Status)

.data      0    2000001c    0000000d     UNINITIALIZED
                  2000001c    00000008     timer_driver.obj (.data)
                  20000024    00000004     rtsv7M4_T_le_v4SPD16_eabi.lib : errno.c.obj (.data)
                  20000028    00000001     i2c_driver.obj (.data)

.stack     0    2000fe00    00000200     UNINITIALIZED
                  2000fe00    00000004     rtsv7M4_T_le_v4SPD16_eabi.lib : boot_cortex_m.c.obj (.stack)
                  2000fe04    000001fc     --HOLE--

MODULE SUMMARY

       Module                        code    ro data   rw data
       ------                        ----    -------   -------
    .\
       uart_driver.obj               392     36        0      
       main.obj                      282     0         0      
       i2c_driver.obj                236     0         22     
       rpm.obj                       216     0         32     
       startup_msp432p401r_ccs.obj   14      228       0      
       timer_driver.obj              188     0         16     
       system_msp432p401r.obj        120     0         0      
       pressure.obj                  20      0         0      
    +--+-----------------------------+-------+---------+---------+
       Total:                        1468    264       70     
                                                              
    C:/ti/simplelink_msp432p4_sdk_2_40_00_10/source/ti/devices/msp432p4xx/driverlib/ccs/msp432p4xx_driverlib.lib
       gpio.o                        744     48        0      
       uart.o                        398     0         0      
       timer32.o                     226     0         0      
       interrupt.o                   160     8         0      
       cpu.o                         24      0         0      
    +--+-----------------------------+-------+---------+---------+
       Total:                        1552    56        0      
                                                              
    C:\ti\ccs830\ccsv8\tools\compiler\ti-cgt-arm_18.1.5.LTS\lib\rtsv7M4_T_le_v4SPD16_eabi.lib
       _printfi.c.obj                4867    0         0      
       fd_add_t2.asm.obj             438     0         0      
       fd_div_t2.asm.obj             310     0         0      
       s_scalbn.c.obj                272     0         0      
       fd_cmp_t2.asm.obj             268     0         0      
       ctype.c.obj                   0       257       0      
       fd_mul_t2.asm.obj             252     0         0      
       memcpy_t2.asm.obj             156     0         0      
       ull_div_t2.asm.obj            150     0         0      
       memset_t2.asm.obj             122     0         0      
       copy_decompress_lzss.c.obj    104     0         0      
       s_frexp.c.obj                 100     0         0      
       sprintf.c.obj                 98      0         0      
       ltoa.c.obj                    84      0         0      
       atoi.c.obj                    76      0         0      
       fd_toi_t2.asm.obj             72      0         0      
       autoinit.c.obj                68      0         0      
       boot_cortex_m.c.obj           56      0         0      
       i_tofd_t2.asm.obj             46      0         0      
       memccpy.c.obj                 28      0         0      
       strchr.c.obj                  22      0         0      
       s_copysign.c.obj              20      0         0      
       strlen.c.obj                  20      0         0      
       copy_zero_init.c.obj          18      0         0      
       wcslen.c.obj                  18      0         0      
       errno.c.obj                   8       0         8      
       copy_decompress_none.c.obj    14      0         0      
       exit.c.obj                    4       0         0      
       pre_init.c.obj                4       0         0      
       div0.asm.obj                  2       0         0      
    +--+-----------------------------+-------+---------+---------+
       Total:                        7697    257       8      
                                                              
       Stack:                        0       0         1024   
       Linker Generated:             0       43        0      
    +--+-----------------------------+-------+---------+---------+
       Grand Total:                  10717   620       1102   


LINKER GENERATED COPY TABLES

__TI_cinit_table @ 00002c58 records: 2, size/record: 8, table size: 16
	.bss: load addr=00002c48, load size=00000008 bytes, run addr=20000000, run size=0000001a bytes, compression=zero_init
	.data: load addr=00002c50, load size=00000007 bytes, run addr=2000001c, run size=0000000d bytes, compression=lzss


LINKER GENERATED HANDLER TABLE

__TI_handler_table @ 00002c38 records: 3, size/record: 4, table size: 12
	index: 0, handler: __TI_decompress_lzss
	index: 1, handler: __TI_decompress_none
	index: 2, handler: __TI_zero_init


GLOBAL SYMBOLS: SORTED ALPHABETICALLY BY Name 

address   name                                       
-------   ----                                       
00000b43  ADC14_IRQHandler                           
00000b43  AES256_IRQHandler                          
00000b43  BusFault_Handler                           
00002ad5  C$$EXIT                                    
00000b43  COMP_E0_IRQHandler                         
00000b43  COMP_E1_IRQHandler                         
00002a99  CPU_cpsid                                  
00002aa5  CPU_cpsie                                  
00000b43  CS_IRQHandler                              
00000b43  DMA_ERR_IRQHandler                         
00000b43  DMA_INT0_IRQHandler                        
00000b43  DMA_INT1_IRQHandler                        
00000b43  DMA_INT2_IRQHandler                        
00000b43  DMA_INT3_IRQHandler                        
00000b43  DebugMon_Handler                           
00000b43  Default_Handler                            
00000b43  EUSCIA0_IRQHandler                         
00000b43  EUSCIA1_IRQHandler                         
00000b43  EUSCIA2_IRQHandler                         
00000b43  EUSCIA3_IRQHandler                         
00000b43  EUSCIB0_IRQHandler                         
000017dd  EUSCIB1_IRQHandler                         
000017dd  EUSCIB1_IRQHandler                         
00000b43  EUSCIB2_IRQHandler                         
00000b43  EUSCIB3_IRQHandler                         
00000b43  FLCTL_IRQHandler                           
00000b43  FPU_IRQHandler                             
00002881  GPIO_clearInterruptFlag                    
000028a9  GPIO_enableInterrupt                       
00001d6d  GPIO_getEnabledInterruptStatus             
000028d1  GPIO_getInterruptStatus                    
00002671  GPIO_interruptEdgeSelect                   
00002439  GPIO_setAsInputPin                         
000021e5  GPIO_setAsInputPinWithPullDownResistor     
00001b51  GPIO_setAsPeripheralModuleFunctionInputPin 
00001bd9  GPIO_setAsPeripheralModuleFunctionOutputPin
00000b43  HardFault_Handler                          
00002485  Init_Timers                                
00002a5d  Interrupt_disableMaster                    
00001df1  Interrupt_enableInterrupt                  
00002a6d  Interrupt_enableMaster                     
00000b43  MemManage_Handler                          
00000b43  NMI_Handler                                
00000b43  PCM_IRQHandler                             
00000b43  PORT1_IRQHandler                           
00001eed  PORT2_IRQHandler                           
00001eed  PORT2_IRQHandler                           
00000b43  PORT3_IRQHandler                           
00000b43  PORT4_IRQHandler                           
00000b43  PORT5_IRQHandler                           
00000b43  PORT6_IRQHandler                           
00000b43  PSS_IRQHandler                             
00000b43  PendSV_Handler                             
00000b43  RTC_C_IRQHandler                           
00002ab1  Reset_Handler                              
00000b43  SVC_Handler                                
00000b43  SysTick_Handler                            
00001f65  SystemInit                                 
00000b43  T32_INT1_IRQHandler                        
00000b43  T32_INT2_IRQHandler                        
00000b43  T32_INTC_IRQHandler                        
00000b43  TA0_0_IRQHandler                           
00000b43  TA0_N_IRQHandler                           
00000b43  TA1_0_IRQHandler                           
00000b43  TA1_N_IRQHandler                           
00000b43  TA2_0_IRQHandler                           
00000b43  TA2_N_IRQHandler                           
00000b43  TA3_0_IRQHandler                           
00000b43  TA3_N_IRQHandler                           
000026ad  Timer0_Expired                             
000026e5  Timer1_Expired                             
00002a7d  Timer32_getValue                           
0000204d  Timer32_initModule                         
0000278d  Timer32_setCount                           
0000271d  Timer32_startTimer                         
000029a5  UARTCanSend                                
0000292d  UARTGetChar                                
000029bb  UARTHasChar                                
000028f5  UARTPutChar                                
000029d1  UART_enableModule                          
00002945  UART_getInterruptStatus                    
00002855  UART_init                                  
000015e5  UART_initModule                            
000027f5  UART_receiveData                           
000027c1  UART_transmitData                          
00000b43  UsageFault_Handler                         
4000480c  WDTCTL_SYM                                 
00000b43  WDT_A_IRQHandler                           
20010000  __STACK_END                                
00000200  __STACK_SIZE                               
00002c58  __TI_CINIT_Base                            
00002c68  __TI_CINIT_Limit                           
00002c38  __TI_Handler_Table_Base                    
00002c44  __TI_Handler_Table_Limit                   
000025ad  __TI_auto_init_nobinit_nopinit             
000020b5  __TI_decompress_lzss                       
00002a8b  __TI_decompress_none                       
ffffffff  __TI_pprof_out_hndl                        
000000e5  __TI_printfi                               
ffffffff  __TI_prof_data_size                        
ffffffff  __TI_prof_data_start                       
00000000  __TI_static_base__                         
00002a39  __TI_zero_init_nomemset                    
00001c61  __aeabi_cdcmpeq                            
00001c61  __aeabi_cdcmple                            
00001ce7  __aeabi_cdrcmple                           
00002565  __aeabi_d2iz                               
00000f8f  __aeabi_dadd                               
00001279  __aeabi_ddiv                               
000016e1  __aeabi_dmul                               
00000f85  __aeabi_dsub                               
00002ac9  __aeabi_errno_addr                         
00002825  __aeabi_i2d                                
0000113b  __aeabi_idiv0                              
0000113b  __aeabi_ldiv0                              
00001e71  __aeabi_memclr                             
00001e71  __aeabi_memclr4                            
00001e71  __aeabi_memclr8                            
00001a1d  __aeabi_memcpy                             
00001a1d  __aeabi_memcpy4                            
00001a1d  __aeabi_memcpy8                            
00001e73  __aeabi_memset                             
00001e73  __aeabi_memset4                            
00001e73  __aeabi_memset8                            
00001ab9  __aeabi_uldivmod                           
ffffffff  __binit__                                  
ffffffff  __c_args__                                 
UNDEFED   __mpu_init                                 
2000fe00  __stack                                    
00002755  _c_int00_noargs                            
00002ad8  _ctypes_                                   
UNDEFED   _system_post_cinit                         
00002ad1  _system_pre_init                           
00002ad5  abort                                      
000024d1  atoi                                       
ffffffff  binit                                      
20000028  burstMode                                  
000029fd  copysign                                   
000029fd  copysignl                                  
20000024  errno                                      
0000211d  frexp                                      
0000211d  frexpl                                     
20000010  g_ui32ByteCount                            
00002975  getRPM                                     
0000197d  initBoard                                  
00002a11  initPressure                               
0000251d  initRPM                                    
000023e9  initUART                                   
0000298d  initialize                                 
00000000  interruptVectors                           
000014d5  ldexp                                      
000014d5  ldexpl                                     
000022eb  ltoa                                       
00002181  main                                       
00002911  memccpy                                    
00001a1d  memcpy                                     
00001e79  memset                                     
20000014  pData                                      
0000223d  receive                                    
000014d5  scalbn                                     
000014d5  scalbnl                                    
00002341  send                                       
000025f1  sprintf                                    
000029e7  strchr                                     
00002a25  strlen                                     
20000018  ui8DummyRead                               
20000019  ui8Status                                  
00002a4b  wcslen                                     


GLOBAL SYMBOLS: SORTED BY Symbol Address 

address   name                                       
-------   ----                                       
00000000  __TI_static_base__                         
00000000  interruptVectors                           
000000e5  __TI_printfi                               
00000200  __STACK_SIZE                               
00000b43  ADC14_IRQHandler                           
00000b43  AES256_IRQHandler                          
00000b43  BusFault_Handler                           
00000b43  COMP_E0_IRQHandler                         
00000b43  COMP_E1_IRQHandler                         
00000b43  CS_IRQHandler                              
00000b43  DMA_ERR_IRQHandler                         
00000b43  DMA_INT0_IRQHandler                        
00000b43  DMA_INT1_IRQHandler                        
00000b43  DMA_INT2_IRQHandler                        
00000b43  DMA_INT3_IRQHandler                        
00000b43  DebugMon_Handler                           
00000b43  Default_Handler                            
00000b43  EUSCIA0_IRQHandler                         
00000b43  EUSCIA1_IRQHandler                         
00000b43  EUSCIA2_IRQHandler                         
00000b43  EUSCIA3_IRQHandler                         
00000b43  EUSCIB0_IRQHandler                         
00000b43  EUSCIB2_IRQHandler                         
00000b43  EUSCIB3_IRQHandler                         
00000b43  FLCTL_IRQHandler                           
00000b43  FPU_IRQHandler                             
00000b43  HardFault_Handler                          
00000b43  MemManage_Handler                          
00000b43  NMI_Handler                                
00000b43  PCM_IRQHandler                             
00000b43  PORT1_IRQHandler                           
00000b43  PORT3_IRQHandler                           
00000b43  PORT4_IRQHandler                           
00000b43  PORT5_IRQHandler                           
00000b43  PORT6_IRQHandler                           
00000b43  PSS_IRQHandler                             
00000b43  PendSV_Handler                             
00000b43  RTC_C_IRQHandler                           
00000b43  SVC_Handler                                
00000b43  SysTick_Handler                            
00000b43  T32_INT1_IRQHandler                        
00000b43  T32_INT2_IRQHandler                        
00000b43  T32_INTC_IRQHandler                        
00000b43  TA0_0_IRQHandler                           
00000b43  TA0_N_IRQHandler                           
00000b43  TA1_0_IRQHandler                           
00000b43  TA1_N_IRQHandler                           
00000b43  TA2_0_IRQHandler                           
00000b43  TA2_N_IRQHandler                           
00000b43  TA3_0_IRQHandler                           
00000b43  TA3_N_IRQHandler                           
00000b43  UsageFault_Handler                         
00000b43  WDT_A_IRQHandler                           
00000f85  __aeabi_dsub                               
00000f8f  __aeabi_dadd                               
0000113b  __aeabi_idiv0                              
0000113b  __aeabi_ldiv0                              
00001279  __aeabi_ddiv                               
000014d5  ldexp                                      
000014d5  ldexpl                                     
000014d5  scalbn                                     
000014d5  scalbnl                                    
000015e5  UART_initModule                            
000016e1  __aeabi_dmul                               
000017dd  EUSCIB1_IRQHandler                         
000017dd  EUSCIB1_IRQHandler                         
0000197d  initBoard                                  
00001a1d  __aeabi_memcpy                             
00001a1d  __aeabi_memcpy4                            
00001a1d  __aeabi_memcpy8                            
00001a1d  memcpy                                     
00001ab9  __aeabi_uldivmod                           
00001b51  GPIO_setAsPeripheralModuleFunctionInputPin 
00001bd9  GPIO_setAsPeripheralModuleFunctionOutputPin
00001c61  __aeabi_cdcmpeq                            
00001c61  __aeabi_cdcmple                            
00001ce7  __aeabi_cdrcmple                           
00001d6d  GPIO_getEnabledInterruptStatus             
00001df1  Interrupt_enableInterrupt                  
00001e71  __aeabi_memclr                             
00001e71  __aeabi_memclr4                            
00001e71  __aeabi_memclr8                            
00001e73  __aeabi_memset                             
00001e73  __aeabi_memset4                            
00001e73  __aeabi_memset8                            
00001e79  memset                                     
00001eed  PORT2_IRQHandler                           
00001eed  PORT2_IRQHandler                           
00001f65  SystemInit                                 
0000204d  Timer32_initModule                         
000020b5  __TI_decompress_lzss                       
0000211d  frexp                                      
0000211d  frexpl                                     
00002181  main                                       
000021e5  GPIO_setAsInputPinWithPullDownResistor     
0000223d  receive                                    
000022eb  ltoa                                       
00002341  send                                       
000023e9  initUART                                   
00002439  GPIO_setAsInputPin                         
00002485  Init_Timers                                
000024d1  atoi                                       
0000251d  initRPM                                    
00002565  __aeabi_d2iz                               
000025ad  __TI_auto_init_nobinit_nopinit             
000025f1  sprintf                                    
00002671  GPIO_interruptEdgeSelect                   
000026ad  Timer0_Expired                             
000026e5  Timer1_Expired                             
0000271d  Timer32_startTimer                         
00002755  _c_int00_noargs                            
0000278d  Timer32_setCount                           
000027c1  UART_transmitData                          
000027f5  UART_receiveData                           
00002825  __aeabi_i2d                                
00002855  UART_init                                  
00002881  GPIO_clearInterruptFlag                    
000028a9  GPIO_enableInterrupt                       
000028d1  GPIO_getInterruptStatus                    
000028f5  UARTPutChar                                
00002911  memccpy                                    
0000292d  UARTGetChar                                
00002945  UART_getInterruptStatus                    
00002975  getRPM                                     
0000298d  initialize                                 
000029a5  UARTCanSend                                
000029bb  UARTHasChar                                
000029d1  UART_enableModule                          
000029e7  strchr                                     
000029fd  copysign                                   
000029fd  copysignl                                  
00002a11  initPressure                               
00002a25  strlen                                     
00002a39  __TI_zero_init_nomemset                    
00002a4b  wcslen                                     
00002a5d  Interrupt_disableMaster                    
00002a6d  Interrupt_enableMaster                     
00002a7d  Timer32_getValue                           
00002a8b  __TI_decompress_none                       
00002a99  CPU_cpsid                                  
00002aa5  CPU_cpsie                                  
00002ab1  Reset_Handler                              
00002ac9  __aeabi_errno_addr                         
00002ad1  _system_pre_init                           
00002ad5  C$$EXIT                                    
00002ad5  abort                                      
00002ad8  _ctypes_                                   
00002c38  __TI_Handler_Table_Base                    
00002c44  __TI_Handler_Table_Limit                   
00002c58  __TI_CINIT_Base                            
00002c68  __TI_CINIT_Limit                           
20000010  g_ui32ByteCount                            
20000014  pData                                      
20000018  ui8DummyRead                               
20000019  ui8Status                                  
20000024  errno                                      
20000028  burstMode                                  
2000fe00  __stack                                    
20010000  __STACK_END                                
4000480c  WDTCTL_SYM                                 
ffffffff  __TI_pprof_out_hndl                        
ffffffff  __TI_prof_data_size                        
ffffffff  __TI_prof_data_start                       
ffffffff  __binit__                                  
ffffffff  __c_args__                                 
ffffffff  binit                                      
UNDEFED   __mpu_init                                 
UNDEFED   _system_post_cinit                         

[168 symbols]
